main.c:136:5:main	24	static
main.c:237:6:HAL_GPIO_EXTI_Callback	16	static
main.c:274:6:HAL_UART_RxCpltCallback	16	static
main.c:280:6:SystemClock_Config	72	static
main.c:317:6:start	8	static
main.c:358:6:generate	8	static
main.c:380:9:overlapping	24	static
main.c:407:6:up	8	static
main.c:428:6:eat	16	static
main.c:455:6:gameover	8	static
main.c:462:6:gameJudge	8	static
main.c:483:6:showEnd	16	static
main.c:495:6:InitialPlane	8	static
main.c:507:6:showScore	16	static
main.c:515:6:showSnake	16	static
main.c:526:6:showBlock	32	static
main.c:559:10:randomColor	4	static
main.c:587:6:lcd_DrawPicture	32	static
main.c:604:6:showlevel	16	static
main.c:620:6:Error_Handler	4	static
