Archive member included to satisfy reference by file (symbol)

d:/cssoftware/stm32cubeide_1.0.2/stm32cubeide/plugins/com.st.stm32cube.ide.mcu.externaltools.gnu-tools-for-stm32.7-2018-q2-update.win32_1.0.0.201904181610/tools/bin/../lib/gcc/arm-none-eabi/7.3.1/../../../../arm-none-eabi/lib/thumb/v7-m\libc_nano.a(lib_a-errno.o)
                              Src/syscalls.o (__errno)
d:/cssoftware/stm32cubeide_1.0.2/stm32cubeide/plugins/com.st.stm32cube.ide.mcu.externaltools.gnu-tools-for-stm32.7-2018-q2-update.win32_1.0.0.201904181610/tools/bin/../lib/gcc/arm-none-eabi/7.3.1/../../../../arm-none-eabi/lib/thumb/v7-m\libc_nano.a(lib_a-exit.o)
                              d:/cssoftware/stm32cubeide_1.0.2/stm32cubeide/plugins/com.st.stm32cube.ide.mcu.externaltools.gnu-tools-for-stm32.7-2018-q2-update.win32_1.0.0.201904181610/tools/bin/../lib/gcc/arm-none-eabi/7.3.1/../../../../arm-none-eabi/lib/thumb/v7-m/crt0.o (exit)
d:/cssoftware/stm32cubeide_1.0.2/stm32cubeide/plugins/com.st.stm32cube.ide.mcu.externaltools.gnu-tools-for-stm32.7-2018-q2-update.win32_1.0.0.201904181610/tools/bin/../lib/gcc/arm-none-eabi/7.3.1/../../../../arm-none-eabi/lib/thumb/v7-m\libc_nano.a(lib_a-impure.o)
                              d:/cssoftware/stm32cubeide_1.0.2/stm32cubeide/plugins/com.st.stm32cube.ide.mcu.externaltools.gnu-tools-for-stm32.7-2018-q2-update.win32_1.0.0.201904181610/tools/bin/../lib/gcc/arm-none-eabi/7.3.1/../../../../arm-none-eabi/lib/thumb/v7-m\libc_nano.a(lib_a-exit.o) (_global_impure_ptr)
d:/cssoftware/stm32cubeide_1.0.2/stm32cubeide/plugins/com.st.stm32cube.ide.mcu.externaltools.gnu-tools-for-stm32.7-2018-q2-update.win32_1.0.0.201904181610/tools/bin/../lib/gcc/arm-none-eabi/7.3.1/../../../../arm-none-eabi/lib/thumb/v7-m\libc_nano.a(lib_a-init.o)
                              d:/cssoftware/stm32cubeide_1.0.2/stm32cubeide/plugins/com.st.stm32cube.ide.mcu.externaltools.gnu-tools-for-stm32.7-2018-q2-update.win32_1.0.0.201904181610/tools/bin/../lib/gcc/arm-none-eabi/7.3.1/../../../../arm-none-eabi/lib/thumb/v7-m/crt0.o (__libc_init_array)
d:/cssoftware/stm32cubeide_1.0.2/stm32cubeide/plugins/com.st.stm32cube.ide.mcu.externaltools.gnu-tools-for-stm32.7-2018-q2-update.win32_1.0.0.201904181610/tools/bin/../lib/gcc/arm-none-eabi/7.3.1/../../../../arm-none-eabi/lib/thumb/v7-m\libc_nano.a(lib_a-memset.o)
                              d:/cssoftware/stm32cubeide_1.0.2/stm32cubeide/plugins/com.st.stm32cube.ide.mcu.externaltools.gnu-tools-for-stm32.7-2018-q2-update.win32_1.0.0.201904181610/tools/bin/../lib/gcc/arm-none-eabi/7.3.1/../../../../arm-none-eabi/lib/thumb/v7-m/crt0.o (memset)
d:/cssoftware/stm32cubeide_1.0.2/stm32cubeide/plugins/com.st.stm32cube.ide.mcu.externaltools.gnu-tools-for-stm32.7-2018-q2-update.win32_1.0.0.201904181610/tools/bin/../lib/gcc/arm-none-eabi/7.3.1/../../../../arm-none-eabi/lib/thumb/v7-m\libc_nano.a(lib_a-rand.o)
                              Src/main.o (srand)
d:/cssoftware/stm32cubeide_1.0.2/stm32cubeide/plugins/com.st.stm32cube.ide.mcu.externaltools.gnu-tools-for-stm32.7-2018-q2-update.win32_1.0.0.201904181610/tools/bin/../lib/gcc/arm-none-eabi/7.3.1/../../../../arm-none-eabi/lib/thumb/v7-m\libc_nano.a(lib_a-time.o)
                              Src/main.o (time)
d:/cssoftware/stm32cubeide_1.0.2/stm32cubeide/plugins/com.st.stm32cube.ide.mcu.externaltools.gnu-tools-for-stm32.7-2018-q2-update.win32_1.0.0.201904181610/tools/bin/../lib/gcc/arm-none-eabi/7.3.1/../../../../arm-none-eabi/lib/thumb/v7-m\libc_nano.a(lib_a-gettimeofdayr.o)
                              d:/cssoftware/stm32cubeide_1.0.2/stm32cubeide/plugins/com.st.stm32cube.ide.mcu.externaltools.gnu-tools-for-stm32.7-2018-q2-update.win32_1.0.0.201904181610/tools/bin/../lib/gcc/arm-none-eabi/7.3.1/../../../../arm-none-eabi/lib/thumb/v7-m\libc_nano.a(lib_a-time.o) (_gettimeofday_r)
d:/cssoftware/stm32cubeide_1.0.2/stm32cubeide/plugins/com.st.stm32cube.ide.mcu.externaltools.gnu-tools-for-stm32.7-2018-q2-update.win32_1.0.0.201904181610/tools/bin/../lib/gcc/arm-none-eabi/7.3.1/../../../../arm-none-eabi/lib/thumb/v7-m\libc_nano.a(lib_a-malloc.o)
                              d:/cssoftware/stm32cubeide_1.0.2/stm32cubeide/plugins/com.st.stm32cube.ide.mcu.externaltools.gnu-tools-for-stm32.7-2018-q2-update.win32_1.0.0.201904181610/tools/bin/../lib/gcc/arm-none-eabi/7.3.1/../../../../arm-none-eabi/lib/thumb/v7-m\libc_nano.a(lib_a-rand.o) (malloc)
d:/cssoftware/stm32cubeide_1.0.2/stm32cubeide/plugins/com.st.stm32cube.ide.mcu.externaltools.gnu-tools-for-stm32.7-2018-q2-update.win32_1.0.0.201904181610/tools/bin/../lib/gcc/arm-none-eabi/7.3.1/../../../../arm-none-eabi/lib/thumb/v7-m\libc_nano.a(lib_a-nano-freer.o)
                              d:/cssoftware/stm32cubeide_1.0.2/stm32cubeide/plugins/com.st.stm32cube.ide.mcu.externaltools.gnu-tools-for-stm32.7-2018-q2-update.win32_1.0.0.201904181610/tools/bin/../lib/gcc/arm-none-eabi/7.3.1/../../../../arm-none-eabi/lib/thumb/v7-m\libc_nano.a(lib_a-malloc.o) (_free_r)
[...]
Memory Configuration

Name             Origin             Length             Attributes
RAM              0x0000000020000000 0x000000000000c000 xrw
FLASH            0x0000000008000000 0x0000000000040000 xr
*default*        0x0000000000000000 0xffffffffffffffff

Linker script and memory map

LOAD d:/cssoftware/stm32cubeide_1.0.2/stm32cubeide/plugins/com.st.stm32cube.ide.mcu.externaltools.gnu-tools-for-stm32.7-2018-q2-update.win32_1.0.0.201904181610/tools/bin/../lib/gcc/arm-none-eabi/7.3.1/thumb/v7-m/crti.o
LOAD d:/cssoftware/stm32cubeide_1.0.2/stm32cubeide/plugins/com.st.stm32cube.ide.mcu.externaltools.gnu-tools-for-stm32.7-2018-q2-update.win32_1.0.0.201904181610/tools/bin/../lib/gcc/arm-none-eabi/7.3.1/thumb/v7-m/crtbegin.o
LOAD d:/cssoftware/stm32cubeide_1.0.2/stm32cubeide/plugins/com.st.stm32cube.ide.mcu.externaltools.gnu-tools-for-stm32.7-2018-q2-update.win32_1.0.0.201904181610/tools/bin/../lib/gcc/arm-none-eabi/7.3.1/../../../../arm-none-eabi/lib/thumb/v7-m/crt0.o
LOAD Drivers/STM32F1xx_HAL_Driver/Src/stm32f1xx_hal.o
LOAD Drivers/STM32F1xx_HAL_Driver/Src/stm32f1xx_hal_cortex.o
LOAD Drivers/STM32F1xx_HAL_Driver/Src/stm32f1xx_hal_dma.o
LOAD Drivers/STM32F1xx_HAL_Driver/Src/stm32f1xx_hal_exti.o
LOAD Drivers/STM32F1xx_HAL_Driver/Src/stm32f1xx_hal_flash.o
LOAD Drivers/STM32F1xx_HAL_Driver/Src/stm32f1xx_hal_flash_ex.o
LOAD Drivers/STM32F1xx_HAL_Driver/Src/stm32f1xx_hal_gpio.o
LOAD Drivers/STM32F1xx_HAL_Driver/Src/stm32f1xx_hal_gpio_ex.o
LOAD Drivers/STM32F1xx_HAL_Driver/Src/stm32f1xx_hal_pwr.o
LOAD Drivers/STM32F1xx_HAL_Driver/Src/stm32f1xx_hal_rcc.o
LOAD Drivers/STM32F1xx_HAL_Driver/Src/stm32f1xx_hal_rcc_ex.o
LOAD Drivers/STM32F1xx_HAL_Driver/Src/stm32f1xx_hal_tim.o
LOAD Drivers/STM32F1xx_HAL_Driver/Src/stm32f1xx_hal_tim_ex.o
LOAD Drivers/STM32F1xx_HAL_Driver/Src/stm32f1xx_hal_uart.o
LOAD Src/gpio.o
LOAD Src/lcd.o
LOAD Src/main.o
LOAD Src/stm32f1xx_hal_msp.o
LOAD Src/stm32f1xx_it.o
LOAD Src/syscalls.o
LOAD Src/sysmem.o
LOAD Src/system_stm32f1xx.o
LOAD Src/usart.o
LOAD Startup/startup_stm32f103rctx.o
START GROUP
LOAD d:/cssoftware/stm32cubeide_1.0.2/stm32cubeide/plugins/com.st.stm32cube.ide.mcu.externaltools.gnu-tools-for-stm32.7-2018-q2-update.win32_1.0.0.201904181610/tools/bin/../lib/gcc/arm-none-eabi/7.3.1/../../../../arm-none-eabi/lib/thumb/v7-m\libc_nano.a
LOAD d:/cssoftware/stm32cubeide_1.0.2/stm32cubeide/plugins/com.st.stm32cube.ide.mcu.externaltools.gnu-tools-for-stm32.7-2018-q2-update.win32_1.0.0.201904181610/tools/bin/../lib/gcc/arm-none-eabi/7.3.1/../../../../arm-none-eabi/lib/thumb/v7-m\libm.a
END GROUP
START GROUP
LOAD d:/cssoftware/stm32cubeide_1.0.2/stm32cubeide/plugins/com.st.stm32cube.ide.mcu.externaltools.gnu-tools-for-stm32.7-2018-q2-update.win32_1.0.0.201904181610/tools/bin/../lib/gcc/arm-none-eabi/7.3.1/thumb/v7-m\libgcc.a
LOAD d:/cssoftware/stm32cubeide_1.0.2/stm32cubeide/plugins/com.st.stm32cube.ide.mcu.externaltools.gnu-tools-for-stm32.7-2018-q2-update.win32_1.0.0.201904181610/tools/bin/../lib/gcc/arm-none-eabi/7.3.1/../../../../arm-none-eabi/lib/thumb/v7-m\libc_nano.a
END GROUP
START GROUP
LOAD d:/cssoftware/stm32cubeide_1.0.2/stm32cubeide/plugins/com.st.stm32cube.ide.mcu.externaltools.gnu-tools-for-stm32.7-2018-q2-update.win32_1.0.0.201904181610/tools/bin/../lib/gcc/arm-none-eabi/7.3.1/thumb/v7-m\libgcc.a
LOAD d:/cssoftware/stm32cubeide_1.0.2/stm32cubeide/plugins/com.st.stm32cube.ide.mcu.externaltools.gnu-tools-for-stm32.7-2018-q2-update.win32_1.0.0.201904181610/tools/bin/../lib/gcc/arm-none-eabi/7.3.1/../../../../arm-none-eabi/lib/thumb/v7-m\libc_nano.a
LOAD d:/cssoftware/stm32cubeide_1.0.2/stm32cubeide/plugins/com.st.stm32cube.ide.mcu.externaltools.gnu-tools-for-stm32.7-2018-q2-update.win32_1.0.0.201904181610/tools/bin/../lib/gcc/arm-none-eabi/7.3.1/../../../../arm-none-eabi/lib/thumb/v7-m\libnosys.a
END GROUP
START GROUP
LOAD d:/cssoftware/stm32cubeide_1.0.2/stm32cubeide/plugins/com.st.stm32cube.ide.mcu.externaltools.gnu-tools-for-stm32.7-2018-q2-update.win32_1.0.0.201904181610/tools/bin/../lib/gcc/arm-none-eabi/7.3.1/thumb/v7-m\libgcc.a
LOAD d:/cssoftware/stm32cubeide_1.0.2/stm32cubeide/plugins/com.st.stm32cube.ide.mcu.externaltools.gnu-tools-for-stm32.7-2018-q2-update.win32_1.0.0.201904181610/tools/bin/../lib/gcc/arm-none-eabi/7.3.1/../../../../arm-none-eabi/lib/thumb/v7-m\libc_nano.a
LOAD d:/cssoftware/stm32cubeide_1.0.2/stm32cubeide/plugins/com.st.stm32cube.ide.mcu.externaltools.gnu-tools-for-stm32.7-2018-q2-update.win32_1.0.0.201904181610/tools/bin/../lib/gcc/arm-none-eabi/7.3.1/../../../../arm-none-eabi/lib/thumb/v7-m\libnosys.a
END GROUP
LOAD d:/cssoftware/stm32cubeide_1.0.2/stm32cubeide/plugins/com.st.stm32cube.ide.mcu.externaltools.gnu-tools-for-stm32.7-2018-q2-update.win32_1.0.0.201904181610/tools/bin/../lib/gcc/arm-none-eabi/7.3.1/thumb/v7-m/crtend.o
LOAD d:/cssoftware/stm32cubeide_1.0.2/stm32cubeide/plugins/com.st.stm32cube.ide.mcu.externaltools.gnu-tools-for-stm32.7-2018-q2-update.win32_1.0.0.201904181610/tools/bin/../lib/gcc/arm-none-eabi/7.3.1/thumb/v7-m/crtn.o
                0x000000002000c000                _estack = 0x2000c000
                0x0000000000000200                _Min_Heap_Size = 0x200
                0x0000000000000400                _Min_Stack_Size = 0x400

.isr_vector     0x0000000008000000      0x1e4
                0x0000000008000000                . = ALIGN (0x4)
 *(.isr_vector)
 .isr_vector    0x0000000008000000      0x1e4 Startup/startup_stm32f103rctx.o
                0x0000000008000000                g_pfnVectors
                0x00000000080001e4                . = ALIGN (0x4)

.text           0x00000000080001e8     0x9374
                0x00000000080001e8                . = ALIGN (0x4)
 *(.text)
 .text          0x00000000080001e8       0x40 d:/cssoftware/stm32cubeide_1.0.2/stm32cubeide/plugins/com.st.stm32cube.ide.mcu.externaltools.gnu-tools-for-stm32.7-2018-q2-update.win32_1.0.0.201904181610/tools/bin/../lib/gcc/arm-none-eabi/7.3.1/thumb/v7-m/crtbegin.o
 .text          0x0000000008000228      0x378 d:/cssoftware/stm32cubeide_1.0.2/stm32cubeide/plugins/com.st.stm32cube.ide.mcu.externaltools.gnu-tools-for-stm32.7-2018-q2-update.win32_1.0.0.201904181610/tools/bin/../lib/gcc/arm-none-eabi/7.3.1/thumb/v7-m\libgcc.a(_arm_addsubdf3.o)
                0x0000000008000228                __aeabi_drsub
                0x0000000008000230                __aeabi_dsub
                0x0000000008000230                __subdf3
                0x0000000008000234                __aeabi_dadd
                0x0000000008000234                __adddf3
                0x00000000080004ac                __floatunsidf
                0x00000000080004ac                __aeabi_ui2d
                0x00000000080004cc                __floatsidf
                0x00000000080004cc                __aeabi_i2d
                0x00000000080004f0                __aeabi_f2d
                0x00000000080004f0                __extendsfdf2
                0x0000000008000534                __floatundidf
                0x0000000008000534                __aeabi_ul2d
                0x0000000008000544                __floatdidf
                0x0000000008000544                __aeabi_l2d
 .text          0x00000000080005a0      0x424 d:/cssoftware/stm32cubeide_1.0.2/stm32cubeide/plugins/com.st.stm32cube.ide.mcu.externaltools.gnu-tools-for-stm32.7-2018-q2-update.win32_1.0.0.201904181610/tools/bin/../lib/gcc/arm-none-eabi/7.3.1/thumb/v7-m\libgcc.a(_arm_muldivdf3.o)
                0x00000000080005a0                __aeabi_dmul
                0x00000000080005a0                __muldf3
                0x00000000080007f4                __divdf3
                0x00000000080007f4                __aeabi_ddiv
 .text          0x00000000080009c4       0x40 d:/cssoftware/stm32cubeide_1.0.2/stm32cubeide/plugins/com.st.stm32cube.ide.mcu.externaltools.gnu-tools-for-stm32.7-2018-q2-update.win32_1.0.0.201904181610/tools/bin/../lib/gcc/arm-none-eabi/7.3.1/thumb/v7-m\libgcc.a(_arm_fixunsdfsi.o)
                0x00000000080009c4                __aeabi_d2uiz
                0x00000000080009c4                __fixunsdfsi
 *(.text*)
 .text.HAL_Init
                0x0000000008000a04       0x2c Drivers/STM32F1xx_HAL_Driver/Src/stm32f1xx_hal.o
                0x0000000008000a04                HAL_Init
 .text.HAL_InitTick
                0x0000000008000a30       0x60 Drivers/STM32F1xx_HAL_Driver/Src/stm32f1xx_hal.o
                0x0000000008000a30                HAL_InitTick
 .text.HAL_IncTick
                0x0000000008000a90       0x24 Drivers/STM32F1xx_HAL_Driver/Src/stm32f1xx_hal.o
                0x0000000008000a90                HAL_IncTick
 .text.HAL_GetTick
                0x0000000008000ab4       0x14 Drivers/STM32F1xx_HAL_Driver/Src/stm32f1xx_hal.o
                0x0000000008000ab4                HAL_GetTick
 .text.HAL_Delay
                0x0000000008000ac8       0x44 Drivers/STM32F1xx_HAL_Driver/Src/stm32f1xx_hal.o
                0x0000000008000ac8                HAL_Delay
 .text.__NVIC_SetPriorityGrouping
                0x0000000008000b0c       0x48 Drivers/STM32F1xx_HAL_Driver/Src/stm32f1xx_hal_cortex.o
 .text.__NVIC_GetPriorityGrouping
                0x0000000008000b54       0x1c Drivers/STM32F1xx_HAL_Driver/Src/stm32f1xx_hal_cortex.o
 .text.__NVIC_EnableIRQ
                0x0000000008000b70       0x38 Drivers/STM32F1xx_HAL_Driver/Src/stm32f1xx_hal_cortex.o
 .text.__NVIC_SetPriority
                0x0000000008000ba8       0x54 Drivers/STM32F1xx_HAL_Driver/Src/stm32f1xx_hal_cortex.o
 .text.NVIC_EncodePriority
                0x0000000008000bfc       0x64 Drivers/STM32F1xx_HAL_Driver/Src/stm32f1xx_hal_cortex.o
 .text.SysTick_Config
                0x0000000008000c60       0x44 Drivers/STM32F1xx_HAL_Driver/Src/stm32f1xx_hal_cortex.o
 .text.HAL_NVIC_SetPriorityGrouping
                0x0000000008000ca4       0x16 Drivers/STM32F1xx_HAL_Driver/Src/stm32f1xx_hal_cortex.o
                0x0000000008000ca4                HAL_NVIC_SetPriorityGrouping
 .text.HAL_NVIC_SetPriority
                0x0000000008000cba       0x38 Drivers/STM32F1xx_HAL_Driver/Src/stm32f1xx_hal_cortex.o
                0x0000000008000cba                HAL_NVIC_SetPriority
 .text.HAL_NVIC_EnableIRQ
                0x0000000008000cf2       0x1c Drivers/STM32F1xx_HAL_Driver/Src/stm32f1xx_hal_cortex.o
                0x0000000008000cf2                HAL_NVIC_EnableIRQ
 .text.HAL_SYSTICK_Config
                0x0000000008000d0e       0x18 Drivers/STM32F1xx_HAL_Driver/Src/stm32f1xx_hal_cortex.o
                0x0000000008000d0e                HAL_SYSTICK_Config
 *fill*         0x0000000008000d26        0x2 
 .text.HAL_DMA_Abort_IT
                0x0000000008000d28      0x210 Drivers/STM32F1xx_HAL_Driver/Src/stm32f1xx_hal_dma.o
                0x0000000008000d28                HAL_DMA_Abort_IT
 .text.HAL_GPIO_Init
                0x0000000008000f38      0x2d4 Drivers/STM32F1xx_HAL_Driver/Src/stm32f1xx_hal_gpio.o
                0x0000000008000f38                HAL_GPIO_Init
 .text.HAL_GPIO_WritePin
                0x000000000800120c       0x30 Drivers/STM32F1xx_HAL_Driver/Src/stm32f1xx_hal_gpio.o
                0x000000000800120c                HAL_GPIO_WritePin
 .text.HAL_GPIO_TogglePin
                0x000000000800123c       0x30 Drivers/STM32F1xx_HAL_Driver/Src/stm32f1xx_hal_gpio.o
                0x000000000800123c                HAL_GPIO_TogglePin
 .text.HAL_GPIO_EXTI_IRQHandler
                0x000000000800126c       0x30 Drivers/STM32F1xx_HAL_Driver/Src/stm32f1xx_hal_gpio.o
                0x000000000800126c                HAL_GPIO_EXTI_IRQHandler
 .text.HAL_RCC_OscConfig
                0x000000000800129c      0x500 Drivers/STM32F1xx_HAL_Driver/Src/stm32f1xx_hal_rcc.o
                0x000000000800129c                HAL_RCC_OscConfig
 .text.HAL_RCC_ClockConfig
                0x000000000800179c      0x1d4 Drivers/STM32F1xx_HAL_Driver/Src/stm32f1xx_hal_rcc.o
                0x000000000800179c                HAL_RCC_ClockConfig
 .text.HAL_RCC_GetSysClockFreq
                0x0000000008001970       0xc4 Drivers/STM32F1xx_HAL_Driver/Src/stm32f1xx_hal_rcc.o
                0x0000000008001970                HAL_RCC_GetSysClockFreq
 .text.RCC_Delay
                0x0000000008001a34       0x3c Drivers/STM32F1xx_HAL_Driver/Src/stm32f1xx_hal_rcc.o
 .text.HAL_UART_IRQHandler
                0x0000000008001a70      0x1f8 Drivers/STM32F1xx_HAL_Driver/Src/stm32f1xx_hal_uart.o
                0x0000000008001a70                HAL_UART_IRQHandler
 .text.HAL_UART_TxCpltCallback
                0x0000000008001c68       0x12 Drivers/STM32F1xx_HAL_Driver/Src/stm32f1xx_hal_uart.o
                0x0000000008001c68                HAL_UART_TxCpltCallback
 .text.HAL_UART_ErrorCallback
                0x0000000008001c7a       0x12 Drivers/STM32F1xx_HAL_Driver/Src/stm32f1xx_hal_uart.o
                0x0000000008001c7a                HAL_UART_ErrorCallback
 .text.UART_EndRxTransfer
                0x0000000008001c8c       0x3a Drivers/STM32F1xx_HAL_Driver/Src/stm32f1xx_hal_uart.o
 .text.UART_DMAAbortOnError
                0x0000000008001cc6       0x28 Drivers/STM32F1xx_HAL_Driver/Src/stm32f1xx_hal_uart.o
 .text.UART_Transmit_IT
                0x0000000008001cee       0xaa Drivers/STM32F1xx_HAL_Driver/Src/stm32f1xx_hal_uart.o
 .text.UART_EndTransmit_IT
                0x0000000008001d98       0x30 Drivers/STM32F1xx_HAL_Driver/Src/stm32f1xx_hal_uart.o
 .text.UART_Receive_IT
                0x0000000008001dc8      0x102 Drivers/STM32F1xx_HAL_Driver/Src/stm32f1xx_hal_uart.o
 *fill*         0x0000000008001eca        0x2 
 .text.MX_GPIO_Init
                0x0000000008001ecc      0x148 Src/gpio.o
                0x0000000008001ecc                MX_GPIO_Init
 .text.LCD_WR_REG
                0x0000000008002014       0x48 Src/lcd.o
                0x0000000008002014                LCD_WR_REG
 .text.LCD_WR_DATAX
                0x000000000800205c       0x48 Src/lcd.o
                0x000000000800205c                LCD_WR_DATAX
 .text.LCD_RD_DATA
                0x00000000080020a4       0x88 Src/lcd.o
                0x00000000080020a4                LCD_RD_DATA
 .text.LCD_WriteReg
                0x000000000800212c       0x54 Src/lcd.o
                0x000000000800212c                LCD_WriteReg
 .text.LCD_ReadReg
                0x0000000008002180       0x20 Src/lcd.o
                0x0000000008002180                LCD_ReadReg
 .text.LCD_WriteRAM_Prepare
                0x00000000080021a0       0x18 Src/lcd.o
                0x00000000080021a0                LCD_WriteRAM_Prepare
 .text.LCD_SetCursor
                0x00000000080021b8      0x598 Src/lcd.o
                0x00000000080021b8                LCD_SetCursor
 .text.LCD_Scan_Dir
                0x0000000008002750      0x624 Src/lcd.o
                0x0000000008002750                LCD_Scan_Dir
 .text.LCD_DrawPoint
                0x0000000008002d74       0x60 Src/lcd.o
                0x0000000008002d74                LCD_DrawPoint
 .text.LCD_Fast_DrawPoint
                0x0000000008002dd4      0x52c Src/lcd.o
                0x0000000008002dd4                LCD_Fast_DrawPoint
 .text.LCD_SSD_BackLightSet
                0x0000000008003300      0x148 Src/lcd.o
                0x0000000008003300                LCD_SSD_BackLightSet
 .text.LCD_Display_Dir
                0x0000000008003448      0x218 Src/lcd.o
                0x0000000008003448                LCD_Display_Dir
 .text.LCD_Set_Window
                0x0000000008003660      0x644 Src/lcd.o
                0x0000000008003660                LCD_Set_Window
 .text.LCD_Init
                0x0000000008003ca4     0x3e5c Src/lcd.o
                0x0000000008003ca4                LCD_Init
 .text.LCD_Clear
                0x0000000008007b00       0xc4 Src/lcd.o
                0x0000000008007b00                LCD_Clear
 .text.LCD_Fill
                0x0000000008007bc4      0x118 Src/lcd.o
                0x0000000008007bc4                LCD_Fill
 .text.LCD_DrawLine
                0x0000000008007cdc      0x106 Src/lcd.o
                0x0000000008007cdc                LCD_DrawLine
 .text.LCD_DrawRectangle
                0x0000000008007de2       0x56 Src/lcd.o
                0x0000000008007de2                LCD_DrawRectangle
 .text.LCD_ShowChar
                0x0000000008007e38      0x15c Src/lcd.o
                0x0000000008007e38                LCD_ShowChar
 .text.LCD_Pow  0x0000000008007f94       0x36 Src/lcd.o
                0x0000000008007f94                LCD_Pow
 *fill*         0x0000000008007fca        0x2 
 .text.LCD_ShowNum
                0x0000000008007fcc       0xe4 Src/lcd.o
                0x0000000008007fcc                LCD_ShowNum
 .text.LCD_ShowString
                0x00000000080080b0       0x9c Src/lcd.o
                0x00000000080080b0                LCD_ShowString
 .text.main     0x000000000800814c      0x230 Src/main.o
                0x000000000800814c                main
 .text.HAL_GPIO_EXTI_Callback
                0x000000000800837c       0xfc Src/main.o
                0x000000000800837c                HAL_GPIO_EXTI_Callback
 .text.HAL_UART_RxCpltCallback
                0x0000000008008478       0x12 Src/main.o
                0x0000000008008478                HAL_UART_RxCpltCallback
 .text.SystemClock_Config
                0x000000000800848a       0x8a Src/main.o
                0x000000000800848a                SystemClock_Config
 .text.start    0x0000000008008514      0x1b8 Src/main.o
                0x0000000008008514                start
 .text.generate
                0x00000000080086cc      0x13c Src/main.o
                0x00000000080086cc                generate
 .text.overlapping
                0x0000000008008808       0xec Src/main.o
                0x0000000008008808                overlapping
 .text.up       0x00000000080088f4       0x80 Src/main.o
                0x00000000080088f4                up
 .text.eat      0x0000000008008974      0x110 Src/main.o
                0x0000000008008974                eat
 .text.gameover
                0x0000000008008a84       0x2c Src/main.o
                0x0000000008008a84                gameover
 .text.gameJudge
                0x0000000008008ab0       0xa0 Src/main.o
                0x0000000008008ab0                gameJudge
 .text.showEnd  0x0000000008008b50       0xa8 Src/main.o
                0x0000000008008b50                showEnd
 .text.InitialPlane
                0x0000000008008bf8       0x66 Src/main.o
                0x0000000008008bf8                InitialPlane
 *fill*         0x0000000008008c5e        0x2 
 .text.showScore
                0x0000000008008c60       0x3c Src/main.o
                0x0000000008008c60                showScore
 .text.showSnake
                0x0000000008008c9c       0x60 Src/main.o
                0x0000000008008c9c                showSnake
 .text.showBlock
                0x0000000008008cfc      0x1da Src/main.o
                0x0000000008008cfc                showBlock
 *fill*         0x0000000008008ed6        0x2 
 .text.randomColor
                0x0000000008008ed8       0xa8 Src/main.o
                0x0000000008008ed8                randomColor
 .text.lcd_DrawPicture
                0x0000000008008f80       0xa0 Src/main.o
                0x0000000008008f80                lcd_DrawPicture
 .text.showlevel
                0x0000000008009020       0xac Src/main.o
                0x0000000008009020                showlevel
 .text.Error_Handler
                0x00000000080090cc        0xc Src/main.o
                0x00000000080090cc                Error_Handler
 .text.HAL_MspInit
                0x00000000080090d8       0x68 Src/stm32f1xx_hal_msp.o
                0x00000000080090d8                HAL_MspInit
 .text.NMI_Handler
                0x0000000008009140        0xc Src/stm32f1xx_it.o
                0x0000000008009140                NMI_Handler
 .text.HardFault_Handler
                0x000000000800914c        0x6 Src/stm32f1xx_it.o
                0x000000000800914c                HardFault_Handler
 .text.MemManage_Handler
                0x0000000008009152        0x6 Src/stm32f1xx_it.o
                0x0000000008009152                MemManage_Handler
 .text.BusFault_Handler
                0x0000000008009158        0x6 Src/stm32f1xx_it.o
                0x0000000008009158                BusFault_Handler
 .text.UsageFault_Handler
                0x000000000800915e        0x6 Src/stm32f1xx_it.o
                0x000000000800915e                UsageFault_Handler
 .text.SVC_Handler
                0x0000000008009164        0xc Src/stm32f1xx_it.o
                0x0000000008009164                SVC_Handler
 .text.DebugMon_Handler
                0x0000000008009170        0xc Src/stm32f1xx_it.o
                0x0000000008009170                DebugMon_Handler
 .text.PendSV_Handler
                0x000000000800917c        0xc Src/stm32f1xx_it.o
                0x000000000800917c                PendSV_Handler
 .text.SysTick_Handler
                0x0000000008009188        0xc Src/stm32f1xx_it.o
                0x0000000008009188                SysTick_Handler
 .text.EXTI0_IRQHandler
                0x0000000008009194        0xe Src/stm32f1xx_it.o
                0x0000000008009194                EXTI0_IRQHandler
 .text.EXTI9_5_IRQHandler
                0x00000000080091a2        0xe Src/stm32f1xx_it.o
                0x00000000080091a2                EXTI9_5_IRQHandler
 .text.USART1_IRQHandler
                0x00000000080091b0       0x14 Src/stm32f1xx_it.o
                0x00000000080091b0                USART1_IRQHandler
 .text.EXTI15_10_IRQHandler
                0x00000000080091c4       0x10 Src/stm32f1xx_it.o
                0x00000000080091c4                EXTI15_10_IRQHandler
 .text._sbrk    0x00000000080091d4       0x58 Src/sysmem.o
                0x00000000080091d4                _sbrk
 .text.SystemInit
                0x000000000800922c       0x68 Src/system_stm32f1xx.o
                0x000000000800922c                SystemInit
 .text.Reset_Handler
                0x0000000008009294       0x48 Startup/startup_stm32f103rctx.o
                0x0000000008009294                Reset_Handler
 .text.Default_Handler
                0x00000000080092dc        0x2 Startup/startup_stm32f103rctx.o
                0x00000000080092dc                RTC_Alarm_IRQHandler
                0x00000000080092dc                EXTI2_IRQHandler
                0x00000000080092dc                TIM8_TRG_COM_IRQHandler
                0x00000000080092dc                TIM8_CC_IRQHandler
                0x00000000080092dc                TIM1_CC_IRQHandler
                0x00000000080092dc                TIM6_IRQHandler
                0x00000000080092dc                PVD_IRQHandler
                0x00000000080092dc                SDIO_IRQHandler
                0x00000000080092dc                EXTI3_IRQHandler
                0x00000000080092dc                I2C2_EV_IRQHandler
                0x00000000080092dc                ADC1_2_IRQHandler
                0x00000000080092dc                SPI1_IRQHandler
                0x00000000080092dc                TAMPER_IRQHandler
                0x00000000080092dc                TIM8_UP_IRQHandler
                0x00000000080092dc                DMA2_Channel2_IRQHandler
                0x00000000080092dc                DMA1_Channel4_IRQHandler
                0x00000000080092dc                USART3_IRQHandler
                0x00000000080092dc                RTC_IRQHandler
                0x00000000080092dc                DMA1_Channel7_IRQHandler
                0x00000000080092dc                CAN1_RX1_IRQHandler
                0x00000000080092dc                UART5_IRQHandler
                0x00000000080092dc                ADC3_IRQHandler
                0x00000000080092dc                TIM4_IRQHandler
                0x00000000080092dc                DMA2_Channel1_IRQHandler
                0x00000000080092dc                I2C1_EV_IRQHandler
                0x00000000080092dc                DMA1_Channel6_IRQHandler
                0x00000000080092dc                UART4_IRQHandler
                0x00000000080092dc                TIM3_IRQHandler
                0x00000000080092dc                RCC_IRQHandler
                0x00000000080092dc                TIM1_TRG_COM_IRQHandler
                0x00000000080092dc                DMA1_Channel1_IRQHandler
                0x00000000080092dc                Default_Handler
                0x00000000080092dc                TIM7_IRQHandler
                0x00000000080092dc                TIM5_IRQHandler
                0x00000000080092dc                SPI2_IRQHandler
                0x00000000080092dc                DMA1_Channel5_IRQHandler
                0x00000000080092dc                EXTI4_IRQHandler
                0x00000000080092dc                USB_LP_CAN1_RX0_IRQHandler
                0x00000000080092dc                USB_HP_CAN1_TX_IRQHandler
                0x00000000080092dc                DMA1_Channel3_IRQHandler
                0x00000000080092dc                FSMC_IRQHandler
                0x00000000080092dc                TIM1_UP_IRQHandler
                0x00000000080092dc                WWDG_IRQHandler
                0x00000000080092dc                TIM2_IRQHandler
                0x00000000080092dc                TIM1_BRK_IRQHandler
                0x00000000080092dc                EXTI1_IRQHandler
                0x00000000080092dc                DMA2_Channel4_5_IRQHandler
                0x00000000080092dc                USART2_IRQHandler
                0x00000000080092dc                I2C2_ER_IRQHandler
                0x00000000080092dc                DMA1_Channel2_IRQHandler
                0x00000000080092dc                TIM8_BRK_IRQHandler
                0x00000000080092dc                CAN1_SCE_IRQHandler
                0x00000000080092dc                FLASH_IRQHandler
                0x00000000080092dc                SPI3_IRQHandler
                0x00000000080092dc                I2C1_ER_IRQHandler
                0x00000000080092dc                USBWakeUp_IRQHandler
                0x00000000080092dc                DMA2_Channel3_IRQHandler
 *fill*         0x00000000080092de        0x2 
 .text.__errno  0x00000000080092e0        0xc d:/cssoftware/stm32cubeide_1.0.2/stm32cubeide/plugins/com.st.stm32cube.ide.mcu.externaltools.gnu-tools-for-stm32.7-2018-q2-update.win32_1.0.0.201904181610/tools/bin/../lib/gcc/arm-none-eabi/7.3.1/../../../../arm-none-eabi/lib/thumb/v7-m\libc_nano.a(lib_a-errno.o)
                0x00000000080092e0                __errno
 .text.__libc_init_array
                0x00000000080092ec       0x48 d:/cssoftware/stm32cubeide_1.0.2/stm32cubeide/plugins/com.st.stm32cube.ide.mcu.externaltools.gnu-tools-for-stm32.7-2018-q2-update.win32_1.0.0.201904181610/tools/bin/../lib/gcc/arm-none-eabi/7.3.1/../../../../arm-none-eabi/lib/thumb/v7-m\libc_nano.a(lib_a-init.o)
                0x00000000080092ec                __libc_init_array
 .text.memset   0x0000000008009334       0x10 d:/cssoftware/stm32cubeide_1.0.2/stm32cubeide/plugins/com.st.stm32cube.ide.mcu.externaltools.gnu-tools-for-stm32.7-2018-q2-update.win32_1.0.0.201904181610/tools/bin/../lib/gcc/arm-none-eabi/7.3.1/../../../../arm-none-eabi/lib/thumb/v7-m\libc_nano.a(lib_a-memset.o)
                0x0000000008009334                memset
 .text.srand    0x0000000008009344       0x48 d:/cssoftware/stm32cubeide_1.0.2/stm32cubeide/plugins/com.st.stm32cube.ide.mcu.externaltools.gnu-tools-for-stm32.7-2018-q2-update.win32_1.0.0.201904181610/tools/bin/../lib/gcc/arm-none-eabi/7.3.1/../../../../arm-none-eabi/lib/thumb/v7-m\libc_nano.a(lib_a-rand.o)
                0x0000000008009344                srand
 .text.rand     0x000000000800938c       0x68 d:/cssoftware/stm32cubeide_1.0.2/stm32cubeide/plugins/com.st.stm32cube.ide.mcu.externaltools.gnu-tools-for-stm32.7-2018-q2-update.win32_1.0.0.201904181610/tools/bin/../lib/gcc/arm-none-eabi/7.3.1/../../../../arm-none-eabi/lib/thumb/v7-m\libc_nano.a(lib_a-rand.o)
                0x000000000800938c                rand
 .text.time     0x00000000080093f4       0x34 d:/cssoftware/stm32cubeide_1.0.2/stm32cubeide/plugins/com.st.stm32cube.ide.mcu.externaltools.gnu-tools-for-stm32.7-2018-q2-update.win32_1.0.0.201904181610/tools/bin/../lib/gcc/arm-none-eabi/7.3.1/../../../../arm-none-eabi/lib/thumb/v7-m\libc_nano.a(lib_a-time.o)
                0x00000000080093f4                time
 .text._gettimeofday_r
                0x0000000008009428       0x24 d:/cssoftware/stm32cubeide_1.0.2/stm32cubeide/plugins/com.st.stm32cube.ide.mcu.externaltools.gnu-tools-for-stm32.7-2018-q2-update.win32_1.0.0.201904181610/tools/bin/../lib/gcc/arm-none-eabi/7.3.1/../../../../arm-none-eabi/lib/thumb/v7-m\libc_nano.a(lib_a-gettimeofdayr.o)
                0x0000000008009428                _gettimeofday_r
 .text.malloc   0x000000000800944c       0x10 d:/cssoftware/stm32cubeide_1.0.2/stm32cubeide/plugins/com.st.stm32cube.ide.mcu.externaltools.gnu-tools-for-stm32.7-2018-q2-update.win32_1.0.0.201904181610/tools/bin/../lib/gcc/arm-none-eabi/7.3.1/../../../../arm-none-eabi/lib/thumb/v7-m\libc_nano.a(lib_a-malloc.o)
                0x000000000800944c                malloc
 .text._malloc_r
                0x000000000800945c       0xb4 d:/cssoftware/stm32cubeide_1.0.2/stm32cubeide/plugins/com.st.stm32cube.ide.mcu.externaltools.gnu-tools-for-stm32.7-2018-q2-update.win32_1.0.0.201904181610/tools/bin/../lib/gcc/arm-none-eabi/7.3.1/../../../../arm-none-eabi/lib/thumb/v7-m\libc_nano.a(lib_a-nano-mallocr.o)
                0x000000000800945c                _malloc_r
 .text._sbrk_r  0x0000000008009510       0x20 d:/cssoftware/stm32cubeide_1.0.2/stm32cubeide/plugins/com.st.stm32cube.ide.mcu.externaltools.gnu-tools-for-stm32.7-2018-q2-update.win32_1.0.0.201904181610/tools/bin/../lib/gcc/arm-none-eabi/7.3.1/../../../../arm-none-eabi/lib/thumb/v7-m\libc_nano.a(lib_a-sbrkr.o)
                0x0000000008009510                _sbrk_r
 .text.__malloc_lock
                0x0000000008009530        0x2 d:/cssoftware/stm32cubeide_1.0.2/stm32cubeide/plugins/com.st.stm32cube.ide.mcu.externaltools.gnu-tools-for-stm32.7-2018-q2-update.win32_1.0.0.201904181610/tools/bin/../lib/gcc/arm-none-eabi/7.3.1/../../../../arm-none-eabi/lib/thumb/v7-m\libc_nano.a(lib_a-mlock.o)
                0x0000000008009530                __malloc_lock
 .text.__malloc_unlock
                0x0000000008009532        0x2 d:/cssoftware/stm32cubeide_1.0.2/stm32cubeide/plugins/com.st.stm32cube.ide.mcu.externaltools.gnu-tools-for-stm32.7-2018-q2-update.win32_1.0.0.201904181610/tools/bin/../lib/gcc/arm-none-eabi/7.3.1/../../../../arm-none-eabi/lib/thumb/v7-m\libc_nano.a(lib_a-mlock.o)
                0x0000000008009532                __malloc_unlock
 .text._gettimeofday
                0x0000000008009534       0x10 d:/cssoftware/stm32cubeide_1.0.2/stm32cubeide/plugins/com.st.stm32cube.ide.mcu.externaltools.gnu-tools-for-stm32.7-2018-q2-update.win32_1.0.0.201904181610/tools/bin/../lib/gcc/arm-none-eabi/7.3.1/../../../../arm-none-eabi/lib/thumb/v7-m\libnosys.a(gettod.o)
                0x0000000008009534                _gettimeofday
 *(.glue_7)
 .glue_7        0x0000000008009544        0x0 linker stubs
 *(.glue_7t)
 .glue_7t       0x0000000008009544        0x0 linker stubs
 *(.eh_frame)
 .eh_frame      0x0000000008009544        0x0 d:/cssoftware/stm32cubeide_1.0.2/stm32cubeide/plugins/com.st.stm32cube.ide.mcu.externaltools.gnu-tools-for-stm32.7-2018-q2-update.win32_1.0.0.201904181610/tools/bin/../lib/gcc/arm-none-eabi/7.3.1/thumb/v7-m/crtbegin.o
 *(.init)
 .init          0x0000000008009544        0x4 d:/cssoftware/stm32cubeide_1.0.2/stm32cubeide/plugins/com.st.stm32cube.ide.mcu.externaltools.gnu-tools-for-stm32.7-2018-q2-update.win32_1.0.0.201904181610/tools/bin/../lib/gcc/arm-none-eabi/7.3.1/thumb/v7-m/crti.o
                0x0000000008009544                _init
 .init          0x0000000008009548        0x8 d:/cssoftware/stm32cubeide_1.0.2/stm32cubeide/plugins/com.st.stm32cube.ide.mcu.externaltools.gnu-tools-for-stm32.7-2018-q2-update.win32_1.0.0.201904181610/tools/bin/../lib/gcc/arm-none-eabi/7.3.1/thumb/v7-m/crtn.o
 *(.fini)
 .fini          0x0000000008009550        0x4 d:/cssoftware/stm32cubeide_1.0.2/stm32cubeide/plugins/com.st.stm32cube.ide.mcu.externaltools.gnu-tools-for-stm32.7-2018-q2-update.win32_1.0.0.201904181610/tools/bin/../lib/gcc/arm-none-eabi/7.3.1/thumb/v7-m/crti.o
                0x0000000008009550                _fini
 .fini          0x0000000008009554        0x8 d:/cssoftware/stm32cubeide_1.0.2/stm32cubeide/plugins/com.st.stm32cube.ide.mcu.externaltools.gnu-tools-for-stm32.7-2018-q2-update.win32_1.0.0.201904181610/tools/bin/../lib/gcc/arm-none-eabi/7.3.1/thumb/v7-m/crtn.o
                0x000000000800955c                . = ALIGN (0x4)
                0x000000000800955c                _etext = .

.vfp11_veneer   0x000000000800955c        0x0
 .vfp11_veneer  0x000000000800955c        0x0 linker stubs

.v4_bx          0x000000000800955c        0x0
 .v4_bx         0x000000000800955c        0x0 linker stubs

.iplt           0x000000000800955c        0x0
 .iplt          0x000000000800955c        0x0 d:/cssoftware/stm32cubeide_1.0.2/stm32cubeide/plugins/com.st.stm32cube.ide.mcu.externaltools.gnu-tools-for-stm32.7-2018-q2-update.win32_1.0.0.201904181610/tools/bin/../lib/gcc/arm-none-eabi/7.3.1/thumb/v7-m/crtbegin.o

.rodata         0x000000000800955c    0x27018
                0x000000000800955c                . = ALIGN (0x4)
 *(.rodata)
 .rodata        0x000000000800955c       0x12 Drivers/STM32F1xx_HAL_Driver/Src/stm32f1xx_hal_rcc.o
 *fill*         0x000000000800956e        0x2 
 .rodata        0x0000000008009570       0x2c Src/main.o
 *(.rodata*)
 .rodata.asc2_1206
                0x000000000800959c      0x474 Src/lcd.o
                0x000000000800959c                asc2_1206
 .rodata.asc2_1608
                0x0000000008009a10      0x5f0 Src/lcd.o
                0x0000000008009a10                asc2_1608
 .rodata.asc2_2412
                0x000000000800a000      0xd5c Src/lcd.o
                0x000000000800a000                asc2_2412
 .rodata.Isnake
                0x000000000800ad5c    0x25808 Src/main.o
                0x000000000800ad5c                Isnake
 .rodata.AHBPrescTable
                0x0000000008030564       0x10 Src/system_stm32f1xx.o
                0x0000000008030564                AHBPrescTable
                0x0000000008030574                . = ALIGN (0x4)

.rel.dyn        0x0000000008030574        0x0
 .rel.iplt      0x0000000008030574        0x0 d:/cssoftware/stm32cubeide_1.0.2/stm32cubeide/plugins/com.st.stm32cube.ide.mcu.externaltools.gnu-tools-for-stm32.7-2018-q2-update.win32_1.0.0.201904181610/tools/bin/../lib/gcc/arm-none-eabi/7.3.1/thumb/v7-m/crtbegin.o

.ARM.extab      0x0000000008030574        0x0
                0x0000000008030574                . = ALIGN (0x4)
 *(.ARM.extab* .gnu.linkonce.armextab.*)
                0x0000000008030574                . = ALIGN (0x4)

.ARM            0x0000000008030574        0x0
                0x0000000008030574                . = ALIGN (0x4)
                0x0000000008030574                __exidx_start = .
 *(.ARM.exidx*)
                0x0000000008030574                __exidx_end = .
                0x0000000008030574                . = ALIGN (0x4)

.preinit_array  0x0000000008030574        0x0
                0x0000000008030574                . = ALIGN (0x4)
                0x0000000008030574                PROVIDE (__preinit_array_start = .)
 *(.preinit_array*)
                0x0000000008030574                PROVIDE (__preinit_array_end = .)
                0x0000000008030574                . = ALIGN (0x4)

.init_array     0x0000000008030574        0x4
                0x0000000008030574                . = ALIGN (0x4)
                0x0000000008030574                PROVIDE (__init_array_start = .)
 *(SORT_BY_NAME(.init_array.*))
 *(.init_array*)
 .init_array    0x0000000008030574        0x4 d:/cssoftware/stm32cubeide_1.0.2/stm32cubeide/plugins/com.st.stm32cube.ide.mcu.externaltools.gnu-tools-for-stm32.7-2018-q2-update.win32_1.0.0.201904181610/tools/bin/../lib/gcc/arm-none-eabi/7.3.1/thumb/v7-m/crtbegin.o
                0x0000000008030578                PROVIDE (__init_array_end = .)
                0x0000000008030578                . = ALIGN (0x4)

.fini_array     0x0000000008030578        0x4
                0x0000000008030578                . = ALIGN (0x4)
                [!provide]                        PROVIDE (__fini_array_start = .)
 *(SORT_BY_NAME(.fini_array.*))
 *(.fini_array*)
 .fini_array    0x0000000008030578        0x4 d:/cssoftware/stm32cubeide_1.0.2/stm32cubeide/plugins/com.st.stm32cube.ide.mcu.externaltools.gnu-tools-for-stm32.7-2018-q2-update.win32_1.0.0.201904181610/tools/bin/../lib/gcc/arm-none-eabi/7.3.1/thumb/v7-m/crtbegin.o
                [!provide]                        PROVIDE (__fini_array_end = .)
                0x000000000803057c                . = ALIGN (0x4)
                0x000000000803057c                _sidata = LOADADDR (.data)

.data           0x0000000020000000       0x78 load address 0x000000000803057c
                0x0000000020000000                . = ALIGN (0x4)
                0x0000000020000000                _sdata = .
 *(.data)
 *(.data*)
 .data.uwTickPrio
                0x0000000020000000        0x4 Drivers/STM32F1xx_HAL_Driver/Src/stm32f1xx_hal.o
                0x0000000020000000                uwTickPrio
 .data.uwTickFreq
                0x0000000020000004        0x1 Drivers/STM32F1xx_HAL_Driver/Src/stm32f1xx_hal.o
                0x0000000020000004                uwTickFreq
 *fill*         0x0000000020000005        0x1 
 .data.BACK_COLOR
                0x0000000020000006        0x2 Src/lcd.o
                0x0000000020000006                BACK_COLOR
 .data.size     0x0000000020000008        0x1 Src/main.o
                0x0000000020000008                size
 *fill*         0x0000000020000009        0x3 
 .data.colorCount
                0x000000002000000c        0x4 Src/main.o
                0x000000002000000c                colorCount
 .data.SystemCoreClock
                0x0000000020000010        0x4 Src/system_stm32f1xx.o
                0x0000000020000010                SystemCoreClock
 .data._impure_ptr
                0x0000000020000014        0x4 d:/cssoftware/stm32cubeide_1.0.2/stm32cubeide/plugins/com.st.stm32cube.ide.mcu.externaltools.gnu-tools-for-stm32.7-2018-q2-update.win32_1.0.0.201904181610/tools/bin/../lib/gcc/arm-none-eabi/7.3.1/../../../../arm-none-eabi/lib/thumb/v7-m\libc_nano.a(lib_a-impure.o)
                0x0000000020000014                _impure_ptr
 .data.impure_data
                0x0000000020000018       0x60 d:/cssoftware/stm32cubeide_1.0.2/stm32cubeide/plugins/com.st.stm32cube.ide.mcu.externaltools.gnu-tools-for-stm32.7-2018-q2-update.win32_1.0.0.201904181610/tools/bin/../lib/gcc/arm-none-eabi/7.3.1/../../../../arm-none-eabi/lib/thumb/v7-m\libc_nano.a(lib_a-impure.o)
                0x0000000020000078                . = ALIGN (0x4)
                0x0000000020000078                _edata = .

.igot.plt       0x0000000020000078        0x0 load address 0x00000000080305f4
 .igot.plt      0x0000000020000078        0x0 d:/cssoftware/stm32cubeide_1.0.2/stm32cubeide/plugins/com.st.stm32cube.ide.mcu.externaltools.gnu-tools-for-stm32.7-2018-q2-update.win32_1.0.0.201904181610/tools/bin/../lib/gcc/arm-none-eabi/7.3.1/thumb/v7-m/crtbegin.o
                0x0000000020000078                . = ALIGN (0x4)

.bss            0x0000000020000078      0x24c load address 0x00000000080305f4
                0x0000000020000078                _sbss = .
                0x0000000020000078                __bss_start__ = _sbss
 *(.bss)
 .bss           0x0000000020000078       0x1c d:/cssoftware/stm32cubeide_1.0.2/stm32cubeide/plugins/com.st.stm32cube.ide.mcu.externaltools.gnu-tools-for-stm32.7-2018-q2-update.win32_1.0.0.201904181610/tools/bin/../lib/gcc/arm-none-eabi/7.3.1/thumb/v7-m/crtbegin.o
 *(.bss*)
 .bss.POINT_COLOR
                0x0000000020000094        0x2 Src/lcd.o
                0x0000000020000094                POINT_COLOR
 .bss.eating    0x0000000020000096        0x1 Src/main.o
                0x0000000020000096                eating
 .bss.press     0x0000000020000097        0x1 Src/main.o
                0x0000000020000097                press
 .bss.heap_end.5149
                0x0000000020000098        0x4 Src/sysmem.o
 .bss.__malloc_free_list
                0x000000002000009c        0x4 d:/cssoftware/stm32cubeide_1.0.2/stm32cubeide/plugins/com.st.stm32cube.ide.mcu.externaltools.gnu-tools-for-stm32.7-2018-q2-update.win32_1.0.0.201904181610/tools/bin/../lib/gcc/arm-none-eabi/7.3.1/../../../../arm-none-eabi/lib/thumb/v7-m\libc_nano.a(lib_a-nano-mallocr.o)
                0x000000002000009c                __malloc_free_list
 .bss.__malloc_sbrk_start
                0x00000000200000a0        0x4 d:/cssoftware/stm32cubeide_1.0.2/stm32cubeide/plugins/com.st.stm32cube.ide.mcu.externaltools.gnu-tools-for-stm32.7-2018-q2-update.win32_1.0.0.201904181610/tools/bin/../lib/gcc/arm-none-eabi/7.3.1/../../../../arm-none-eabi/lib/thumb/v7-m\libc_nano.a(lib_a-nano-mallocr.o)
                0x00000000200000a0                __malloc_sbrk_start
 *(COMMON)
 COMMON         0x00000000200000a4        0x4 Drivers/STM32F1xx_HAL_Driver/Src/stm32f1xx_hal.o
                0x00000000200000a4                uwTick
 COMMON         0x00000000200000a8        0xe Src/lcd.o
                0x00000000200000a8                lcddev
 *fill*         0x00000000200000b6        0x2 
 COMMON         0x00000000200000b8      0x1c7 Src/main.o
                0x00000000200000b8                food
                0x00000000200000c0                snake
                0x0000000020000254                game
                0x0000000020000260                f_delay
                0x0000000020000264                rxBuffer
                0x0000000020000278                stone
                0x000000002000027e                s_delay
 *fill*         0x000000002000027f        0x1 
 COMMON         0x0000000020000280       0x40 Src/usart.o
                0x0000000020000280                huart1
 COMMON         0x00000000200002c0        0x4 d:/cssoftware/stm32cubeide_1.0.2/stm32cubeide/plugins/com.st.stm32cube.ide.mcu.externaltools.gnu-tools-for-stm32.7-2018-q2-update.win32_1.0.0.201904181610/tools/bin/../lib/gcc/arm-none-eabi/7.3.1/../../../../arm-none-eabi/lib/thumb/v7-m\libc_nano.a(lib_a-reent.o)
                0x00000000200002c0                errno
                0x00000000200002c4                . = ALIGN (0x4)
                0x00000000200002c4                _ebss = .
                0x00000000200002c4                __bss_end__ = _ebss

._user_heap_stack
                0x00000000200002c4      0x604 load address 0x00000000080305f4
                0x00000000200002c8                . = ALIGN (0x8)
 *fill*         0x00000000200002c4        0x4 
                0x00000000200002c8                PROVIDE (end = .)
                [!provide]                        PROVIDE (_end = .)
                0x00000000200004c8                . = (. + _Min_Heap_Size)
 *fill*         0x00000000200002c8      0x200 
                0x00000000200008c8                . = (. + _Min_Stack_Size)
 *fill*         0x00000000200004c8      0x400 
                0x00000000200008c8                . = ALIGN (0x8)

/DISCARD/
 libc.a(*)
 libm.a(*)
 libgcc.a(*)

.ARM.attributes
                0x0000000000000000       0x29
 *(.ARM.attributes)
 .ARM.attributes
                0x0000000000000000       0x1d d:/cssoftware/stm32cubeide_1.0.2/stm32cubeide/plugins/com.st.stm32cube.ide.mcu.externaltools.gnu-tools-for-stm32.7-2018-q2-update.win32_1.0.0.201904181610/tools/bin/../lib/gcc/arm-none-eabi/7.3.1/thumb/v7-m/crti.o
 .ARM.attributes
                0x000000000000001d       0x2d d:/cssoftware/stm32cubeide_1.0.2/stm32cubeide/plugins/com.st.stm32cube.ide.mcu.externaltools.gnu-tools-for-stm32.7-2018-q2-update.win32_1.0.0.201904181610/tools/bin/../lib/gcc/arm-none-eabi/7.3.1/thumb/v7-m/crtbegin.o
 .ARM.attributes
                0x000000000000004a       0x33 Drivers/STM32F1xx_HAL_Driver/Src/stm32f1xx_hal.o
 .ARM.attributes
                0x000000000000007d       0x33 Drivers/STM32F1xx_HAL_Driver/Src/stm32f1xx_hal_cortex.o
 .ARM.attributes
                0x00000000000000b0       0x33 Drivers/STM32F1xx_HAL_Driver/Src/stm32f1xx_hal_dma.o
 .ARM.attributes
                0x00000000000000e3       0x33 Drivers/STM32F1xx_HAL_Driver/Src/stm32f1xx_hal_gpio.o
 .ARM.attributes
                0x0000000000000116       0x33 Drivers/STM32F1xx_HAL_Driver/Src/stm32f1xx_hal_rcc.o
 .ARM.attributes
                0x0000000000000149       0x33 Drivers/STM32F1xx_HAL_Driver/Src/stm32f1xx_hal_uart.o
 .ARM.attributes
                0x000000000000017c       0x33 Src/gpio.o
 .ARM.attributes
                0x00000000000001af       0x33 Src/lcd.o
 .ARM.attributes
                0x00000000000001e2       0x33 Src/main.o
 .ARM.attributes
                0x0000000000000215       0x33 Src/stm32f1xx_hal_msp.o
 .ARM.attributes
                0x0000000000000248       0x33 Src/stm32f1xx_it.o
 .ARM.attributes
                0x000000000000027b       0x33 Src/sysmem.o
 .ARM.attributes
                0x00000000000002ae       0x33 Src/system_stm32f1xx.o
 .ARM.attributes
                0x00000000000002e1       0x33 Src/usart.o
 .ARM.attributes
                0x0000000000000314       0x21 Startup/startup_stm32f103rctx.o
 .ARM.attributes
                0x0000000000000335       0x2d d:/cssoftware/stm32cubeide_1.0.2/stm32cubeide/plugins/com.st.stm32cube.ide.mcu.externaltools.gnu-tools-for-stm32.7-2018-q2-update.win32_1.0.0.201904181610/tools/bin/../lib/gcc/arm-none-eabi/7.3.1/../../../../arm-none-eabi/lib/thumb/v7-m\libc_nano.a(lib_a-errno.o)
 .ARM.attributes
                0x0000000000000362       0x2d d:/cssoftware/stm32cubeide_1.0.2/stm32cubeide/plugins/com.st.stm32cube.ide.mcu.externaltools.gnu-tools-for-stm32.7-2018-q2-update.win32_1.0.0.201904181610/tools/bin/../lib/gcc/arm-none-eabi/7.3.1/../../../../arm-none-eabi/lib/thumb/v7-m\libc_nano.a(lib_a-impure.o)
 .ARM.attributes
                0x000000000000038f       0x2d d:/cssoftware/stm32cubeide_1.0.2/stm32cubeide/plugins/com.st.stm32cube.ide.mcu.externaltools.gnu-tools-for-stm32.7-2018-q2-update.win32_1.0.0.201904181610/tools/bin/../lib/gcc/arm-none-eabi/7.3.1/../../../../arm-none-eabi/lib/thumb/v7-m\libc_nano.a(lib_a-init.o)
 .ARM.attributes
                0x00000000000003bc       0x2d d:/cssoftware/stm32cubeide_1.0.2/stm32cubeide/plugins/com.st.stm32cube.ide.mcu.externaltools.gnu-tools-for-stm32.7-2018-q2-update.win32_1.0.0.201904181610/tools/bin/../lib/gcc/arm-none-eabi/7.3.1/../../../../arm-none-eabi/lib/thumb/v7-m\libc_nano.a(lib_a-memset.o)
 .ARM.attributes
                0x00000000000003e9       0x2d d:/cssoftware/stm32cubeide_1.0.2/stm32cubeide/plugins/com.st.stm32cube.ide.mcu.externaltools.gnu-tools-for-stm32.7-2018-q2-update.win32_1.0.0.201904181610/tools/bin/../lib/gcc/arm-none-eabi/7.3.1/../../../../arm-none-eabi/lib/thumb/v7-m\libc_nano.a(lib_a-rand.o)
 .ARM.attributes
                0x0000000000000416       0x2d d:/cssoftware/stm32cubeide_1.0.2/stm32cubeide/plugins/com.st.stm32cube.ide.mcu.externaltools.gnu-tools-for-stm32.7-2018-q2-update.win32_1.0.0.201904181610/tools/bin/../lib/gcc/arm-none-eabi/7.3.1/../../../../arm-none-eabi/lib/thumb/v7-m\libc_nano.a(lib_a-time.o)
 .ARM.attributes
                0x0000000000000443       0x2d d:/cssoftware/stm32cubeide_1.0.2/stm32cubeide/plugins/com.st.stm32cube.ide.mcu.externaltools.gnu-tools-for-stm32.7-2018-q2-update.win32_1.0.0.201904181610/tools/bin/../lib/gcc/arm-none-eabi/7.3.1/../../../../arm-none-eabi/lib/thumb/v7-m\libc_nano.a(lib_a-gettimeofdayr.o)
 .ARM.attributes
                0x0000000000000470       0x2d d:/cssoftware/stm32cubeide_1.0.2/stm32cubeide/plugins/com.st.stm32cube.ide.mcu.externaltools.gnu-tools-for-stm32.7-2018-q2-update.win32_1.0.0.201904181610/tools/bin/../lib/gcc/arm-none-eabi/7.3.1/../../../../arm-none-eabi/lib/thumb/v7-m\libc_nano.a(lib_a-malloc.o)
 .ARM.attributes
                0x000000000000049d       0x2d d:/cssoftware/stm32cubeide_1.0.2/stm32cubeide/plugins/com.st.stm32cube.ide.mcu.externaltools.gnu-tools-for-stm32.7-2018-q2-update.win32_1.0.0.201904181610/tools/bin/../lib/gcc/arm-none-eabi/7.3.1/../../../../arm-none-eabi/lib/thumb/v7-m\libc_nano.a(lib_a-nano-mallocr.o)
 .ARM.attributes
                0x00000000000004ca       0x2d d:/cssoftware/stm32cubeide_1.0.2/stm32cubeide/plugins/com.st.stm32cube.ide.mcu.externaltools.gnu-tools-for-stm32.7-2018-q2-update.win32_1.0.0.201904181610/tools/bin/../lib/gcc/arm-none-eabi/7.3.1/../../../../arm-none-eabi/lib/thumb/v7-m\libc_nano.a(lib_a-reent.o)
 .ARM.attributes
                0x00000000000004f7       0x2d d:/cssoftware/stm32cubeide_1.0.2/stm32cubeide/plugins/com.st.stm32cube.ide.mcu.externaltools.gnu-tools-for-stm32.7-2018-q2-update.win32_1.0.0.201904181610/tools/bin/../lib/gcc/arm-none-eabi/7.3.1/../../../../arm-none-eabi/lib/thumb/v7-m\libc_nano.a(lib_a-sbrkr.o)
 .ARM.attributes
                0x0000000000000524       0x2d d:/cssoftware/stm32cubeide_1.0.2/stm32cubeide/plugins/com.st.stm32cube.ide.mcu.externaltools.gnu-tools-for-stm32.7-2018-q2-update.win32_1.0.0.201904181610/tools/bin/../lib/gcc/arm-none-eabi/7.3.1/../../../../arm-none-eabi/lib/thumb/v7-m\libc_nano.a(lib_a-mlock.o)
 .ARM.attributes
                0x0000000000000551       0x1d d:/cssoftware/stm32cubeide_1.0.2/stm32cubeide/plugins/com.st.stm32cube.ide.mcu.externaltools.gnu-tools-for-stm32.7-2018-q2-update.win32_1.0.0.201904181610/tools/bin/../lib/gcc/arm-none-eabi/7.3.1/thumb/v7-m\libgcc.a(_arm_addsubdf3.o)
 .ARM.attributes
                0x000000000000056e       0x1d d:/cssoftware/stm32cubeide_1.0.2/stm32cubeide/plugins/com.st.stm32cube.ide.mcu.externaltools.gnu-tools-for-stm32.7-2018-q2-update.win32_1.0.0.201904181610/tools/bin/../lib/gcc/arm-none-eabi/7.3.1/thumb/v7-m\libgcc.a(_arm_muldivdf3.o)
 .ARM.attributes
                0x000000000000058b       0x1d d:/cssoftware/stm32cubeide_1.0.2/stm32cubeide/plugins/com.st.stm32cube.ide.mcu.externaltools.gnu-tools-for-stm32.7-2018-q2-update.win32_1.0.0.201904181610/tools/bin/../lib/gcc/arm-none-eabi/7.3.1/thumb/v7-m\libgcc.a(_arm_fixunsdfsi.o)
 .ARM.attributes
                0x00000000000005a8       0x2d d:/cssoftware/stm32cubeide_1.0.2/stm32cubeide/plugins/com.st.stm32cube.ide.mcu.externaltools.gnu-tools-for-stm32.7-2018-q2-update.win32_1.0.0.201904181610/tools/bin/../lib/gcc/arm-none-eabi/7.3.1/../../../../arm-none-eabi/lib/thumb/v7-m\libnosys.a(gettod.o)
 .ARM.attributes
                0x00000000000005d5       0x1d d:/cssoftware/stm32cubeide_1.0.2/stm32cubeide/plugins/com.st.stm32cube.ide.mcu.externaltools.gnu-tools-for-stm32.7-2018-q2-update.win32_1.0.0.201904181610/tools/bin/../lib/gcc/arm-none-eabi/7.3.1/thumb/v7-m/crtn.o
OUTPUT(lab6.elf elf32-littlearm)

.debug_info     0x0000000000000000     0x8b61
 .debug_info    0x0000000000000000      0x764 Drivers/STM32F1xx_HAL_Driver/Src/stm32f1xx_hal.o
 .debug_info    0x0000000000000764      0xbac Drivers/STM32F1xx_HAL_Driver/Src/stm32f1xx_hal_cortex.o
 .debug_info    0x0000000000001310      0x7a6 Drivers/STM32F1xx_HAL_Driver/Src/stm32f1xx_hal_dma.o
 .debug_info    0x0000000000001ab6      0x681 Drivers/STM32F1xx_HAL_Driver/Src/stm32f1xx_hal_gpio.o
 .debug_info    0x0000000000002137      0x804 Drivers/STM32F1xx_HAL_Driver/Src/stm32f1xx_hal_rcc.o
 .debug_info    0x000000000000293b     0x11e3 Drivers/STM32F1xx_HAL_Driver/Src/stm32f1xx_hal_uart.o
 .debug_info    0x0000000000003b1e      0x4fe Src/gpio.o
 .debug_info    0x000000000000401c     0x164e Src/lcd.o
 .debug_info    0x000000000000566a     0x1502 Src/main.o
 .debug_info    0x0000000000006b6c      0x2cb Src/stm32f1xx_hal_msp.o
 .debug_info    0x0000000000006e37      0x665 Src/stm32f1xx_it.o
 .debug_info    0x000000000000749c      0x91c Src/sysmem.o
 .debug_info    0x0000000000007db8      0x433 Src/system_stm32f1xx.o
 .debug_info    0x00000000000081eb      0x954 Src/usart.o
 .debug_info    0x0000000000008b3f       0x22 Startup/startup_stm32f103rctx.o

.debug_abbrev   0x0000000000000000     0x1b53
 .debug_abbrev  0x0000000000000000      0x1d8 Drivers/STM32F1xx_HAL_Driver/Src/stm32f1xx_hal.o
 .debug_abbrev  0x00000000000001d8      0x2d5 Drivers/STM32F1xx_HAL_Driver/Src/stm32f1xx_hal_cortex.o
 .debug_abbrev  0x00000000000004ad      0x1fe Drivers/STM32F1xx_HAL_Driver/Src/stm32f1xx_hal_dma.o
 .debug_abbrev  0x00000000000006ab      0x1c0 Drivers/STM32F1xx_HAL_Driver/Src/stm32f1xx_hal_gpio.o
 .debug_abbrev  0x000000000000086b      0x243 Drivers/STM32F1xx_HAL_Driver/Src/stm32f1xx_hal_rcc.o
 .debug_abbrev  0x0000000000000aae      0x242 Drivers/STM32F1xx_HAL_Driver/Src/stm32f1xx_hal_uart.o
 .debug_abbrev  0x0000000000000cf0      0x13d Src/gpio.o
 .debug_abbrev  0x0000000000000e2d      0x30f Src/lcd.o
 .debug_abbrev  0x000000000000113c      0x322 Src/main.o
 .debug_abbrev  0x000000000000145e      0x109 Src/stm32f1xx_hal_msp.o
 .debug_abbrev  0x0000000000001567      0x149 Src/stm32f1xx_it.o
 .debug_abbrev  0x00000000000016b0      0x1bb Src/sysmem.o
 .debug_abbrev  0x000000000000186b      0x134 Src/system_stm32f1xx.o
 .debug_abbrev  0x000000000000199f      0x1a2 Src/usart.o
 .debug_abbrev  0x0000000000001b41       0x12 Startup/startup_stm32f103rctx.o

.debug_aranges  0x0000000000000000      0x848
 .debug_aranges
                0x0000000000000000       0xe0 Drivers/STM32F1xx_HAL_Driver/Src/stm32f1xx_hal.o
 .debug_aranges
                0x00000000000000e0      0x100 Drivers/STM32F1xx_HAL_Driver/Src/stm32f1xx_hal_cortex.o
 .debug_aranges
                0x00000000000001e0       0x80 Drivers/STM32F1xx_HAL_Driver/Src/stm32f1xx_hal_dma.o
 .debug_aranges
                0x0000000000000260       0x58 Drivers/STM32F1xx_HAL_Driver/Src/stm32f1xx_hal_gpio.o
 .debug_aranges
                0x00000000000002b8       0x90 Drivers/STM32F1xx_HAL_Driver/Src/stm32f1xx_hal_rcc.o
 .debug_aranges
                0x0000000000000348      0x1d0 Drivers/STM32F1xx_HAL_Driver/Src/stm32f1xx_hal_uart.o
 .debug_aranges
                0x0000000000000518       0x20 Src/gpio.o
 .debug_aranges
                0x0000000000000538      0x118 Src/lcd.o
 .debug_aranges
                0x0000000000000650       0xb8 Src/main.o
 .debug_aranges
                0x0000000000000708       0x20 Src/stm32f1xx_hal_msp.o
 .debug_aranges
                0x0000000000000728       0x80 Src/stm32f1xx_it.o
 .debug_aranges
                0x00000000000007a8       0x20 Src/sysmem.o
 .debug_aranges
                0x00000000000007c8       0x28 Src/system_stm32f1xx.o
 .debug_aranges
                0x00000000000007f0       0x30 Src/usart.o
 .debug_aranges
                0x0000000000000820       0x28 Startup/startup_stm32f103rctx.o

.debug_ranges   0x0000000000000000      0x760
 .debug_ranges  0x0000000000000000       0xd0 Drivers/STM32F1xx_HAL_Driver/Src/stm32f1xx_hal.o
 .debug_ranges  0x00000000000000d0       0xf0 Drivers/STM32F1xx_HAL_Driver/Src/stm32f1xx_hal_cortex.o
 .debug_ranges  0x00000000000001c0       0x70 Drivers/STM32F1xx_HAL_Driver/Src/stm32f1xx_hal_dma.o
 .debug_ranges  0x0000000000000230       0x48 Drivers/STM32F1xx_HAL_Driver/Src/stm32f1xx_hal_gpio.o
 .debug_ranges  0x0000000000000278       0x80 Drivers/STM32F1xx_HAL_Driver/Src/stm32f1xx_hal_rcc.o
 .debug_ranges  0x00000000000002f8      0x1c0 Drivers/STM32F1xx_HAL_Driver/Src/stm32f1xx_hal_uart.o
 .debug_ranges  0x00000000000004b8       0x10 Src/gpio.o
 .debug_ranges  0x00000000000004c8      0x108 Src/lcd.o
 .debug_ranges  0x00000000000005d0       0xa8 Src/main.o
 .debug_ranges  0x0000000000000678       0x10 Src/stm32f1xx_hal_msp.o
 .debug_ranges  0x0000000000000688       0x70 Src/stm32f1xx_it.o
 .debug_ranges  0x00000000000006f8       0x10 Src/sysmem.o
 .debug_ranges  0x0000000000000708       0x18 Src/system_stm32f1xx.o
 .debug_ranges  0x0000000000000720       0x20 Src/usart.o
 .debug_ranges  0x0000000000000740       0x20 Startup/startup_stm32f103rctx.o

.debug_macro    0x0000000000000000    0x16449
 .debug_macro   0x0000000000000000      0x1a9 Drivers/STM32F1xx_HAL_Driver/Src/stm32f1xx_hal.o
 .debug_macro   0x00000000000001a9      0xa5a Drivers/STM32F1xx_HAL_Driver/Src/stm32f1xx_hal.o
 .debug_macro   0x0000000000000c03      0x215 Drivers/STM32F1xx_HAL_Driver/Src/stm32f1xx_hal.o
 .debug_macro   0x0000000000000e18       0x2e Drivers/STM32F1xx_HAL_Driver/Src/stm32f1xx_hal.o
 .debug_macro   0x0000000000000e46       0x22 Drivers/STM32F1xx_HAL_Driver/Src/stm32f1xx_hal.o
 .debug_macro   0x0000000000000e68       0x22 Drivers/STM32F1xx_HAL_Driver/Src/stm32f1xx_hal.o
 .debug_macro   0x0000000000000e8a       0x8e Drivers/STM32F1xx_HAL_Driver/Src/stm32f1xx_hal.o
 .debug_macro   0x0000000000000f18       0x51 Drivers/STM32F1xx_HAL_Driver/Src/stm32f1xx_hal.o
 .debug_macro   0x0000000000000f69       0xef Drivers/STM32F1xx_HAL_Driver/Src/stm32f1xx_hal.o
 .debug_macro   0x0000000000001058       0x6a Drivers/STM32F1xx_HAL_Driver/Src/stm32f1xx_hal.o
 .debug_macro   0x00000000000010c2      0x1df Drivers/STM32F1xx_HAL_Driver/Src/stm32f1xx_hal.o
 .debug_macro   0x00000000000012a1       0x1c Drivers/STM32F1xx_HAL_Driver/Src/stm32f1xx_hal.o
 .debug_macro   0x00000000000012bd       0x22 Drivers/STM32F1xx_HAL_Driver/Src/stm32f1xx_hal.o
 .debug_macro   0x00000000000012df       0xc3 Drivers/STM32F1xx_HAL_Driver/Src/stm32f1xx_hal.o
 .debug_macro   0x00000000000013a2      0xd23 Drivers/STM32F1xx_HAL_Driver/Src/stm32f1xx_hal.o
 .debug_macro   0x00000000000020c5     0xfd8c Drivers/STM32F1xx_HAL_Driver/Src/stm32f1xx_hal.o
 .debug_macro   0x0000000000011e51       0x43 Drivers/STM32F1xx_HAL_Driver/Src/stm32f1xx_hal.o
 .debug_macro   0x0000000000011e94      0x174 Drivers/STM32F1xx_HAL_Driver/Src/stm32f1xx_hal.o
 .debug_macro   0x0000000000012008       0x5a Drivers/STM32F1xx_HAL_Driver/Src/stm32f1xx_hal.o
 .debug_macro   0x0000000000012062      0x5be Drivers/STM32F1xx_HAL_Driver/Src/stm32f1xx_hal.o
 .debug_macro   0x0000000000012620      0x4d5 Drivers/STM32F1xx_HAL_Driver/Src/stm32f1xx_hal.o
 .debug_macro   0x0000000000012af5      0x1cb Drivers/STM32F1xx_HAL_Driver/Src/stm32f1xx_hal.o
 .debug_macro   0x0000000000012cc0      0x114 Drivers/STM32F1xx_HAL_Driver/Src/stm32f1xx_hal.o
 .debug_macro   0x0000000000012dd4      0x1ea Drivers/STM32F1xx_HAL_Driver/Src/stm32f1xx_hal.o
 .debug_macro   0x0000000000012fbe       0x27 Drivers/STM32F1xx_HAL_Driver/Src/stm32f1xx_hal.o
 .debug_macro   0x0000000000012fe5      0x144 Drivers/STM32F1xx_HAL_Driver/Src/stm32f1xx_hal.o
 .debug_macro   0x0000000000013129      0x1bc Drivers/STM32F1xx_HAL_Driver/Src/stm32f1xx_hal.o
 .debug_macro   0x00000000000132e5       0x30 Drivers/STM32F1xx_HAL_Driver/Src/stm32f1xx_hal.o
 .debug_macro   0x0000000000013315       0x3c Drivers/STM32F1xx_HAL_Driver/Src/stm32f1xx_hal.o
 .debug_macro   0x0000000000013351       0x57 Drivers/STM32F1xx_HAL_Driver/Src/stm32f1xx_hal.o
 .debug_macro   0x00000000000133a8       0x88 Drivers/STM32F1xx_HAL_Driver/Src/stm32f1xx_hal.o
 .debug_macro   0x0000000000013430      0x24f Drivers/STM32F1xx_HAL_Driver/Src/stm32f1xx_hal.o
 .debug_macro   0x000000000001367f      0x141 Drivers/STM32F1xx_HAL_Driver/Src/stm32f1xx_hal.o
 .debug_macro   0x00000000000137c0      0x26b Drivers/STM32F1xx_HAL_Driver/Src/stm32f1xx_hal.o
 .debug_macro   0x0000000000013a2b       0xb5 Drivers/STM32F1xx_HAL_Driver/Src/stm32f1xx_hal.o
 .debug_macro   0x0000000000013ae0      0x185 Drivers/STM32F1xx_HAL_Driver/Src/stm32f1xx_hal_cortex.o
 .debug_macro   0x0000000000013c65      0x185 Drivers/STM32F1xx_HAL_Driver/Src/stm32f1xx_hal_dma.o
 .debug_macro   0x0000000000013dea      0x1f0 Drivers/STM32F1xx_HAL_Driver/Src/stm32f1xx_hal_gpio.o
 .debug_macro   0x0000000000013fda      0x197 Drivers/STM32F1xx_HAL_Driver/Src/stm32f1xx_hal_rcc.o
 .debug_macro   0x0000000000014171      0x186 Drivers/STM32F1xx_HAL_Driver/Src/stm32f1xx_hal_uart.o
 .debug_macro   0x00000000000142f7      0x19e Src/gpio.o
 .debug_macro   0x0000000000014495       0x52 Src/gpio.o
 .debug_macro   0x00000000000144e7      0x26c Src/lcd.o
 .debug_macro   0x0000000000014753       0x18 Src/lcd.o
 .debug_macro   0x000000000001476b       0x46 Src/lcd.o
 .debug_macro   0x00000000000147b1       0x3c Src/lcd.o
 .debug_macro   0x00000000000147ed       0x34 Src/lcd.o
 .debug_macro   0x0000000000014821       0x16 Src/lcd.o
 .debug_macro   0x0000000000014837       0x35 Src/lcd.o
 .debug_macro   0x000000000001486c       0x52 Src/lcd.o
 .debug_macro   0x00000000000148be       0x1f Src/lcd.o
 .debug_macro   0x00000000000148dd       0x43 Src/lcd.o
 .debug_macro   0x0000000000014920       0x20 Src/lcd.o
 .debug_macro   0x0000000000014940      0x1a3 Src/lcd.o
 .debug_macro   0x0000000000014ae3      0x32a Src/lcd.o
 .debug_macro   0x0000000000014e0d       0x16 Src/lcd.o
 .debug_macro   0x0000000000014e23       0x29 Src/lcd.o
 .debug_macro   0x0000000000014e4c      0x1dc Src/lcd.o
 .debug_macro   0x0000000000015028      0x39f Src/main.o
 .debug_macro   0x00000000000153c7       0x16 Src/main.o
 .debug_macro   0x00000000000153dd       0x10 Src/main.o
 .debug_macro   0x00000000000153ed       0x10 Src/main.o
 .debug_macro   0x00000000000153fd       0x1c Src/main.o
 .debug_macro   0x0000000000015419       0x52 Src/main.o
 .debug_macro   0x000000000001546b       0x40 Src/main.o
 .debug_macro   0x00000000000154ab       0x10 Src/main.o
 .debug_macro   0x00000000000154bb       0x40 Src/main.o
 .debug_macro   0x00000000000154fb       0xd7 Src/main.o
 .debug_macro   0x00000000000155d2       0x1c Src/main.o
 .debug_macro   0x00000000000155ee       0x3d Src/main.o
 .debug_macro   0x000000000001562b       0x16 Src/main.o
 .debug_macro   0x0000000000015641      0x145 Src/main.o
 .debug_macro   0x0000000000015786       0x16 Src/main.o
 .debug_macro   0x000000000001579c       0x20 Src/main.o
 .debug_macro   0x00000000000157bc      0x1e2 Src/main.o
 .debug_macro   0x000000000001599e       0x16 Src/main.o
 .debug_macro   0x00000000000159b4       0x10 Src/main.o
 .debug_macro   0x00000000000159c4       0x41 Src/main.o
 .debug_macro   0x0000000000015a05      0x194 Src/stm32f1xx_hal_msp.o
 .debug_macro   0x0000000000015b99      0x19e Src/stm32f1xx_it.o
 .debug_macro   0x0000000000015d37      0x1ae Src/sysmem.o
 .debug_macro   0x0000000000015ee5      0x23b Src/sysmem.o
 .debug_macro   0x0000000000016120      0x18b Src/system_stm32f1xx.o
 .debug_macro   0x00000000000162ab      0x19e Src/usart.o

.debug_line     0x0000000000000000     0x8527
 .debug_line    0x0000000000000000      0x7d9 Drivers/STM32F1xx_HAL_Driver/Src/stm32f1xx_hal.o
 .debug_line    0x00000000000007d9      0x8b2 Drivers/STM32F1xx_HAL_Driver/Src/stm32f1xx_hal_cortex.o
 .debug_line    0x000000000000108b      0xec2 Drivers/STM32F1xx_HAL_Driver/Src/stm32f1xx_hal_dma.o
 .debug_line    0x0000000000001f4d      0x801 Drivers/STM32F1xx_HAL_Driver/Src/stm32f1xx_hal_gpio.o
 .debug_line    0x000000000000274e      0x89b Drivers/STM32F1xx_HAL_Driver/Src/stm32f1xx_hal_rcc.o
 .debug_line    0x0000000000002fe9      0xee4 Drivers/STM32F1xx_HAL_Driver/Src/stm32f1xx_hal_uart.o
 .debug_line    0x0000000000003ecd      0x616 Src/gpio.o
 .debug_line    0x00000000000044e3     0x155a Src/lcd.o
 .debug_line    0x0000000000005a3d      0xbce Src/main.o
 .debug_line    0x000000000000660b      0x5fd Src/stm32f1xx_hal_msp.o
 .debug_line    0x0000000000006c08      0x6e7 Src/stm32f1xx_it.o
 .debug_line    0x00000000000072ef      0x559 Src/sysmem.o
 .debug_line    0x0000000000007848      0x62c Src/system_stm32f1xx.o
 .debug_line    0x0000000000007e74      0x634 Src/usart.o
 .debug_line    0x00000000000084a8       0x7f Startup/startup_stm32f103rctx.o

.debug_str      0x0000000000000000    0x79862
 .debug_str     0x0000000000000000    0x72e45 Drivers/STM32F1xx_HAL_Driver/Src/stm32f1xx_hal.o
                                      0x732b2 (size before relaxing)
 .debug_str     0x0000000000072e45      0x326 Drivers/STM32F1xx_HAL_Driver/Src/stm32f1xx_hal_cortex.o
                                      0x732c0 (size before relaxing)
 .debug_str     0x000000000007316b      0x3f0 Drivers/STM32F1xx_HAL_Driver/Src/stm32f1xx_hal_dma.o
                                      0x72f1e (size before relaxing)
 .debug_str     0x000000000007355b      0x3a4 Drivers/STM32F1xx_HAL_Driver/Src/stm32f1xx_hal_gpio.o
                                      0x72f07 (size before relaxing)
 .debug_str     0x00000000000738ff      0x373 Drivers/STM32F1xx_HAL_Driver/Src/stm32f1xx_hal_rcc.o
                                      0x72f40 (size before relaxing)
 .debug_str     0x0000000000073c72      0x6e9 Drivers/STM32F1xx_HAL_Driver/Src/stm32f1xx_hal_uart.o
                                      0x7342f (size before relaxing)
 .debug_str     0x000000000007435b      0x167 Src/gpio.o
                                      0x7307a (size before relaxing)
 .debug_str     0x00000000000744c2     0x3879 Src/lcd.o
                                      0x76558 (size before relaxing)
 .debug_str     0x0000000000077d3b     0x1475 Src/main.o
                                      0x77bd3 (size before relaxing)
 .debug_str     0x00000000000791b0       0x1b Src/stm32f1xx_hal_msp.o
                                      0x72c79 (size before relaxing)
 .debug_str     0x00000000000791cb      0x103 Src/stm32f1xx_it.o
                                      0x73083 (size before relaxing)
 .debug_str     0x00000000000792ce      0x4cc Src/sysmem.o
                                       0x7aac (size before relaxing)
 .debug_str     0x000000000007979a       0x69 Src/system_stm32f1xx.o
                                      0x72bb8 (size before relaxing)
 .debug_str     0x0000000000079803       0x2e Src/usart.o
                                      0x73445 (size before relaxing)
 .debug_str     0x0000000000079831       0x31 Startup/startup_stm32f103rctx.o
                                         0x51 (size before relaxing)

.comment        0x0000000000000000       0x7b
 .comment       0x0000000000000000       0x7b Drivers/STM32F1xx_HAL_Driver/Src/stm32f1xx_hal.o
                                         0x7c (size before relaxing)
 .comment       0x000000000000007b       0x7c Drivers/STM32F1xx_HAL_Driver/Src/stm32f1xx_hal_cortex.o
 .comment       0x000000000000007b       0x7c Drivers/STM32F1xx_HAL_Driver/Src/stm32f1xx_hal_dma.o
 .comment       0x000000000000007b       0x7c Drivers/STM32F1xx_HAL_Driver/Src/stm32f1xx_hal_gpio.o
 .comment       0x000000000000007b       0x7c Drivers/STM32F1xx_HAL_Driver/Src/stm32f1xx_hal_rcc.o
 .comment       0x000000000000007b       0x7c Drivers/STM32F1xx_HAL_Driver/Src/stm32f1xx_hal_uart.o
 .comment       0x000000000000007b       0x7c Src/gpio.o
 .comment       0x000000000000007b       0x7c Src/lcd.o
 .comment       0x000000000000007b       0x7c Src/main.o
 .comment       0x000000000000007b       0x7c Src/stm32f1xx_hal_msp.o
 .comment       0x000000000000007b       0x7c Src/stm32f1xx_it.o
 .comment       0x000000000000007b       0x7c Src/sysmem.o
 .comment       0x000000000000007b       0x7c Src/system_stm32f1xx.o
 .comment       0x000000000000007b       0x7c Src/usart.o

.debug_frame    0x0000000000000000     0x22c4
 .debug_frame   0x0000000000000000      0x334 Drivers/STM32F1xx_HAL_Driver/Src/stm32f1xx_hal.o
 .debug_frame   0x0000000000000334      0x428 Drivers/STM32F1xx_HAL_Driver/Src/stm32f1xx_hal_cortex.o
 .debug_frame   0x000000000000075c      0x20c Drivers/STM32F1xx_HAL_Driver/Src/stm32f1xx_hal_dma.o
 .debug_frame   0x0000000000000968      0x14c Drivers/STM32F1xx_HAL_Driver/Src/stm32f1xx_hal_gpio.o
 .debug_frame   0x0000000000000ab4      0x21c Drivers/STM32F1xx_HAL_Driver/Src/stm32f1xx_hal_rcc.o
 .debug_frame   0x0000000000000cd0      0x834 Drivers/STM32F1xx_HAL_Driver/Src/stm32f1xx_hal_uart.o
 .debug_frame   0x0000000000001504       0x34 Src/gpio.o
 .debug_frame   0x0000000000001538      0x4d4 Src/lcd.o
 .debug_frame   0x0000000000001a0c      0x2a8 Src/main.o
 .debug_frame   0x0000000000001cb4       0x34 Src/stm32f1xx_hal_msp.o
 .debug_frame   0x0000000000001ce8      0x17c Src/stm32f1xx_it.o
 .debug_frame   0x0000000000001e64       0x34 Src/sysmem.o
 .debug_frame   0x0000000000001e98       0x58 Src/system_stm32f1xx.o
 .debug_frame   0x0000000000001ef0       0x74 Src/usart.o
 .debug_frame   0x0000000000001f64       0x20 d:/cssoftware/stm32cubeide_1.0.2/stm32cubeide/plugins/com.st.stm32cube.ide.mcu.externaltools.gnu-tools-for-stm32.7-2018-q2-update.win32_1.0.0.201904181610/tools/bin/../lib/gcc/arm-none-eabi/7.3.1/../../../../arm-none-eabi/lib/thumb/v7-m\libc_nano.a(lib_a-errno.o)
 .debug_frame   0x0000000000001f84       0x2c d:/cssoftware/stm32cubeide_1.0.2/stm32cubeide/plugins/com.st.stm32cube.ide.mcu.externaltools.gnu-tools-for-stm32.7-2018-q2-update.win32_1.0.0.201904181610/tools/bin/../lib/gcc/arm-none-eabi/7.3.1/../../../../arm-none-eabi/lib/thumb/v7-m\libc_nano.a(lib_a-init.o)
 .debug_frame   0x0000000000001fb0       0x20 d:/cssoftware/stm32cubeide_1.0.2/stm32cubeide/plugins/com.st.stm32cube.ide.mcu.externaltools.gnu-tools-for-stm32.7-2018-q2-update.win32_1.0.0.201904181610/tools/bin/../lib/gcc/arm-none-eabi/7.3.1/../../../../arm-none-eabi/lib/thumb/v7-m\libc_nano.a(lib_a-memset.o)
 .debug_frame   0x0000000000001fd0       0x48 d:/cssoftware/stm32cubeide_1.0.2/stm32cubeide/plugins/com.st.stm32cube.ide.mcu.externaltools.gnu-tools-for-stm32.7-2018-q2-update.win32_1.0.0.201904181610/tools/bin/../lib/gcc/arm-none-eabi/7.3.1/../../../../arm-none-eabi/lib/thumb/v7-m\libc_nano.a(lib_a-rand.o)
 .debug_frame   0x0000000000002018       0x2c d:/cssoftware/stm32cubeide_1.0.2/stm32cubeide/plugins/com.st.stm32cube.ide.mcu.externaltools.gnu-tools-for-stm32.7-2018-q2-update.win32_1.0.0.201904181610/tools/bin/../lib/gcc/arm-none-eabi/7.3.1/../../../../arm-none-eabi/lib/thumb/v7-m\libc_nano.a(lib_a-time.o)
 .debug_frame   0x0000000000002044       0x2c d:/cssoftware/stm32cubeide_1.0.2/stm32cubeide/plugins/com.st.stm32cube.ide.mcu.externaltools.gnu-tools-for-stm32.7-2018-q2-update.win32_1.0.0.201904181610/tools/bin/../lib/gcc/arm-none-eabi/7.3.1/../../../../arm-none-eabi/lib/thumb/v7-m\libc_nano.a(lib_a-gettimeofdayr.o)
 .debug_frame   0x0000000000002070       0x30 d:/cssoftware/stm32cubeide_1.0.2/stm32cubeide/plugins/com.st.stm32cube.ide.mcu.externaltools.gnu-tools-for-stm32.7-2018-q2-update.win32_1.0.0.201904181610/tools/bin/../lib/gcc/arm-none-eabi/7.3.1/../../../../arm-none-eabi/lib/thumb/v7-m\libc_nano.a(lib_a-malloc.o)
 .debug_frame   0x00000000000020a0       0x2c d:/cssoftware/stm32cubeide_1.0.2/stm32cubeide/plugins/com.st.stm32cube.ide.mcu.externaltools.gnu-tools-for-stm32.7-2018-q2-update.win32_1.0.0.201904181610/tools/bin/../lib/gcc/arm-none-eabi/7.3.1/../../../../arm-none-eabi/lib/thumb/v7-m\libc_nano.a(lib_a-nano-mallocr.o)
 .debug_frame   0x00000000000020cc       0x5c d:/cssoftware/stm32cubeide_1.0.2/stm32cubeide/plugins/com.st.stm32cube.ide.mcu.externaltools.gnu-tools-for-stm32.7-2018-q2-update.win32_1.0.0.201904181610/tools/bin/../lib/gcc/arm-none-eabi/7.3.1/../../../../arm-none-eabi/lib/thumb/v7-m\libc_nano.a(lib_a-reent.o)
 .debug_frame   0x0000000000002128       0x2c d:/cssoftware/stm32cubeide_1.0.2/stm32cubeide/plugins/com.st.stm32cube.ide.mcu.externaltools.gnu-tools-for-stm32.7-2018-q2-update.win32_1.0.0.201904181610/tools/bin/../lib/gcc/arm-none-eabi/7.3.1/../../../../arm-none-eabi/lib/thumb/v7-m\libc_nano.a(lib_a-sbrkr.o)
 .debug_frame   0x0000000000002154       0x30 d:/cssoftware/stm32cubeide_1.0.2/stm32cubeide/plugins/com.st.stm32cube.ide.mcu.externaltools.gnu-tools-for-stm32.7-2018-q2-update.win32_1.0.0.201904181610/tools/bin/../lib/gcc/arm-none-eabi/7.3.1/../../../../arm-none-eabi/lib/thumb/v7-m\libc_nano.a(lib_a-mlock.o)
 .debug_frame   0x0000000000002184       0xac d:/cssoftware/stm32cubeide_1.0.2/stm32cubeide/plugins/com.st.stm32cube.ide.mcu.externaltools.gnu-tools-for-stm32.7-2018-q2-update.win32_1.0.0.201904181610/tools/bin/../lib/gcc/arm-none-eabi/7.3.1/thumb/v7-m\libgcc.a(_arm_addsubdf3.o)
 .debug_frame   0x0000000000002230       0x50 d:/cssoftware/stm32cubeide_1.0.2/stm32cubeide/plugins/com.st.stm32cube.ide.mcu.externaltools.gnu-tools-for-stm32.7-2018-q2-update.win32_1.0.0.201904181610/tools/bin/../lib/gcc/arm-none-eabi/7.3.1/thumb/v7-m\libgcc.a(_arm_muldivdf3.o)
 .debug_frame   0x0000000000002280       0x24 d:/cssoftware/stm32cubeide_1.0.2/stm32cubeide/plugins/com.st.stm32cube.ide.mcu.externaltools.gnu-tools-for-stm32.7-2018-q2-update.win32_1.0.0.201904181610/tools/bin/../lib/gcc/arm-none-eabi/7.3.1/thumb/v7-m\libgcc.a(_arm_fixunsdfsi.o)
 .debug_frame   0x00000000000022a4       0x20 d:/cssoftware/stm32cubeide_1.0.2/stm32cubeide/plugins/com.st.stm32cube.ide.mcu.externaltools.gnu-tools-for-stm32.7-2018-q2-update.win32_1.0.0.201904181610/tools/bin/../lib/gcc/arm-none-eabi/7.3.1/../../../../arm-none-eabi/lib/thumb/v7-m\libnosys.a(gettod.o)

.stab           0x0000000000000000       0x24
 .stab          0x0000000000000000       0x24 d:/cssoftware/stm32cubeide_1.0.2/stm32cubeide/plugins/com.st.stm32cube.ide.mcu.externaltools.gnu-tools-for-stm32.7-2018-q2-update.win32_1.0.0.201904181610/tools/bin/../lib/gcc/arm-none-eabi/7.3.1/../../../../arm-none-eabi/lib/thumb/v7-m\libnosys.a(gettod.o)

.stabstr        0x0000000000000000       0x4e
 .stabstr       0x0000000000000000       0x4e d:/cssoftware/stm32cubeide_1.0.2/stm32cubeide/plugins/com.st.stm32cube.ide.mcu.externaltools.gnu-tools-for-stm32.7-2018-q2-update.win32_1.0.0.201904181610/tools/bin/../lib/gcc/arm-none-eabi/7.3.1/../../../../arm-none-eabi/lib/thumb/v7-m\libnosys.a(gettod.o)
